<html>
<body>
<pre>
<h1>礦ision Build Log</h1>
<h2>Project:</h2>
D:\工程\工程资料文件\开发板\板子资料\STM32F103系列开发板\MINI-C8T6\程序\高级例程-基于两个MINI板的RS485通讯\USER\STM32-DEMO.uvproj
Project File Date:  03/01/2013

<h2>Output:</h2>
Build target 'USART1-DEMO'
assembling startup_stm32f10x_hd.s...
compiling main.c...
compiling stm32f10x_it.c...
compiling usart1.c...
compiling led.c...
compiling stm32f10x_gpio.c...
compiling stm32f10x_rcc.c...
compiling stm32f10x_usart.c...
compiling misc.c...
compiling core_cm3.c...
compiling system_stm32f10x.c...
linking...
Program Size: Code=4108 RO-data=336 RW-data=20 ZI-data=516  
FromELF: creating hex file...
"..\Output\STM32-DEMO.axf" - 0 Error(s), 0 Warning(s).
Build target 'USART1-DEMO'
assembling startup_stm32f10x_hd.s...
compiling main.c...
compiling stm32f10x_it.c...
stm32f10x_it.c(147): warning:  #223-D: function "LED3" declared implicitly
stm32f10x_it.c:     { LED1(0);LED2(1);LED3(1);}
stm32f10x_it.c:                       ^
stm32f10x_it.c(149): warning:  #223-D: function "LED3" declared implicitly
stm32f10x_it.c:     { LED1(1);LED2(0);LED3(1);}
stm32f10x_it.c:                       ^
stm32f10x_it.c(151): warning:  #223-D: function "LED3" declared implicitly
stm32f10x_it.c:     { LED1(1);LED2(1);LED3(0);}
stm32f10x_it.c:                       ^
stm32f10x_it.c: stm32f10x_it.c: 3 warnings, 0 errors
compiling usart1.c...
compiling led.c...
compiling stm32f10x_gpio.c...
compiling stm32f10x_rcc.c...
compiling stm32f10x_usart.c...
compiling misc.c...
compiling core_cm3.c...
compiling system_stm32f10x.c...
linking...
..\Output\STM32-DEMO.axf: Error: L6218E: Undefined symbol LED3 (referred from stm32f10x_it.o).
..\Output\STM32-DEMO.axf: Not enough information to list image symbols.
..\Output\STM32-DEMO.axf: Finished: 1 information, 0 warning and 1 error messages.
Target not created
Build target 'USART1-DEMO'
assembling startup_stm32f10x_hd.s...
compiling main.c...
compiling stm32f10x_it.c...
stm32f10x_it.c(147): warning:  #223-D: function "LED3" declared implicitly
stm32f10x_it.c:     { LED1(0);LED2(1);LED3(1);}
stm32f10x_it.c:                       ^
stm32f10x_it.c(149): warning:  #223-D: function "LED3" declared implicitly
stm32f10x_it.c:     { LED1(1);LED2(0);LED3(1);}
stm32f10x_it.c:                       ^
stm32f10x_it.c(151): warning:  #223-D: function "LED3" declared implicitly
stm32f10x_it.c:     { LED1(1);LED2(1);LED3(0);}
stm32f10x_it.c:                       ^
stm32f10x_it.c: stm32f10x_it.c: 3 warnings, 0 errors
compiling usart1.c...
compiling led.c...
compiling stm32f10x_gpio.c...
compiling stm32f10x_rcc.c...
compiling stm32f10x_usart.c...
compiling misc.c...
compiling core_cm3.c...
compiling system_stm32f10x.c...
linking...
..\Output\STM32-DEMO.axf: Error: L6218E: Undefined symbol LED3 (referred from stm32f10x_it.o).
..\Output\STM32-DEMO.axf: Not enough information to list image symbols.
..\Output\STM32-DEMO.axf: Finished: 1 information, 0 warning and 1 error messages.
Target not created
Build target 'USART1-DEMO'
assembling startup_stm32f10x_hd.s...
compiling main.c...
compiling stm32f10x_it.c...
compiling usart1.c...
compiling led.c...
compiling stm32f10x_gpio.c...
compiling stm32f10x_rcc.c...
compiling stm32f10x_usart.c...
compiling misc.c...
compiling core_cm3.c...
compiling system_stm32f10x.c...
linking...
Program Size: Code=4056 RO-data=336 RW-data=20 ZI-data=516  
FromELF: creating hex file...
"..\Output\STM32-DEMO.axf" - 0 Error(s), 0 Warning(s).
Build target 'USART1-DEMO'
assembling startup_stm32f10x_hd.s...
compiling main.c...
compiling stm32f10x_it.c...
compiling usart1.c...
compiling led.c...
compiling stm32f10x_gpio.c...
compiling stm32f10x_rcc.c...
compiling stm32f10x_usart.c...
compiling misc.c...
compiling core_cm3.c...
compiling system_stm32f10x.c...
linking...
Program Size: Code=4056 RO-data=336 RW-data=20 ZI-data=516  
FromELF: creating hex file...
"..\Output\STM32-DEMO.axf" - 0 Error(s), 0 Warning(s).
Load "..\\Output\\STM32-DEMO.AXF" 
Set JLink Project File to "D:\工程\工程资料文件\开发板\板子资料\STM32F103系列开发板\MINI-C8T6\程序\高级例程-基于两个MINI板的RS485通讯\USER\JLinkSettings.ini"
 
JLink info:
------------
DLL: V4.15n, compiled Jun 18 2010 19:55:09
Firmware: J-Link ARM V7 compiled Jun 30 2009 11:05:27
Hardware: V7.00
S/N : 20090110 
Feature(s) : RDI, FlashBP, FlashDL, JFlash, GDBFull 
 
**JLink Warning: No matching core found.
***JLink Error: Supply voltage too low (1 Volt is required, Measured: 0.0 Volt).
Please check target power.
Build target 'USART1-DEMO'
assembling startup_stm32f10x_hd.s...
compiling main.c...
compiling stm32f10x_it.c...
compiling usart1.c...
compiling led.c...
compiling stm32f10x_gpio.c...
compiling stm32f10x_rcc.c...
compiling stm32f10x_usart.c...
compiling misc.c...
compiling core_cm3.c...
compiling system_stm32f10x.c...
linking...
Program Size: Code=4056 RO-data=336 RW-data=20 ZI-data=516  
FromELF: creating hex file...
"..\Output\STM32-DEMO.axf" - 0 Error(s), 0 Warning(s).
Load "..\\Output\\STM32-DEMO.AXF" 
Set JLink Project File to "D:\工程\工程资料文件\开发板\板子资料\STM32F103系列开发板\MINI-C8T6\程序\高级例程-基于两个MINI板的RS485通讯\USER\JLinkSettings.ini"
 
JLink info:
------------
DLL: V4.15n, compiled Jun 18 2010 19:55:09
Firmware: J-Link ARM V7 compiled Jun 30 2009 11:05:27
Hardware: V7.00
S/N : 20090110 
Feature(s) : RDI, FlashBP, FlashDL, JFlash, GDBFull 
 
* JLink Info: TotalIRLen = 9, IRPrint = 0x0011
* JLink Info: Found Cortex-M3 r1p1, Little endian.
* JLink Info: TPIU fitted.
* JLink Info:   FPUnit: 6 code (BP) slots and 2 literal slots
ROMTableAddr = 0xE00FF003
 
Target info:
------------
Device: STM32F103C8
VTarget = 3.229V
State of Pins: 
TCK: 1, TDI: 0, TDO: 1, TMS: 0, TRES: 1, TRST: 1
* JLink Info: TotalIRLen = 9, IRPrint = 0x0011
* JLink Info: Found Cortex-M3 r1p1, Little endian.
* JLink Info: TPIU fitted.
* JLink Info:   FPUnit: 6 code (BP) slots and 2 literal slots
Hardware-Breakpoints: 6
Software-Breakpoints: 2048
Watchpoints:          4
JTAG speed: 2000 kHz
 
Full Chip Erase Done.
Programming Done.
Verify OK.
* JLink Info: TotalIRLen = 9, IRPrint = 0x0011
* JLink Info: Found Cortex-M3 r1p1, Little endian.
* JLink Info: TPIU fitted.
* JLink Info:   FPUnit: 6 code (BP) slots and 2 literal slots
Application running ...
Load "..\\Output\\STM32-DEMO.AXF" 
Set JLink Project File to "D:\工程\工程资料文件\开发板\板子资料\STM32F103系列开发板\MINI-C8T6\程序\高级例程-基于两个MINI板的RS485通讯\USER\JLinkSettings.ini"
 
JLink info:
------------
DLL: V4.15n, compiled Jun 18 2010 19:55:09
Firmware: J-Link ARM V7 compiled Jun 30 2009 11:05:27
Hardware: V7.00
S/N : 20090110 
Feature(s) : RDI, FlashBP, FlashDL, JFlash, GDBFull 
 
* JLink Info: TotalIRLen = 9, IRPrint = 0x0011
* JLink Info: Found Cortex-M3 r1p1, Little endian.
* JLink Info: TPIU fitted.
* JLink Info:   FPUnit: 6 code (BP) slots and 2 literal slots
ROMTableAddr = 0xE00FF003
 
Target info:
------------
Device: STM32F103C8
VTarget = 3.216V
State of Pins: 
TCK: 1, TDI: 0, TDO: 1, TMS: 0, TRES: 1, TRST: 1
* JLink Info: TotalIRLen = 9, IRPrint = 0x0011
* JLink Info: Found Cortex-M3 r1p1, Little endian.
* JLink Info: TPIU fitted.
* JLink Info:   FPUnit: 6 code (BP) slots and 2 literal slots
Hardware-Breakpoints: 6
Software-Breakpoints: 2048
Watchpoints:          4
JTAG speed: 2000 kHz
 
Full Chip Erase Done.
Programming Done.
Verify OK.
* JLink Info: TotalIRLen = 9, IRPrint = 0x0011
* JLink Info: Found Cortex-M3 r1p1, Little endian.
* JLink Info: TPIU fitted.
* JLink Info:   FPUnit: 6 code (BP) slots and 2 literal slots
Application running ...
