Component: ARM Compiler 5.05 update 1 (build 106) Tool: armlink [4d0efa]

==============================================================================

Section Cross References

    startup_stm32f10x_hd.o(RESET) refers to startup_stm32f10x_hd.o(.text) for Reset_Handler
    startup_stm32f10x_hd.o(RESET) refers to stm32f10x_it.o(.text) for NMI_Handler
    startup_stm32f10x_hd.o(.text) refers to startup_stm32f10x_hd.o(STACK) for __initial_sp
    startup_stm32f10x_hd.o(.text) refers to entry.o(.ARM.Collect$$$$00000000) for __main
    main.o(.text) refers to system_stm32f10x.o(.text) for SystemInit
    main.o(.text) refers to led.o(.text) for LED_GPIO_Config
    main.o(.text) refers to key.o(.text) for Key_Init
    main.o(.text) refers to tmr.o(.text) for TMRx_Init
    main.o(.text) refers to timer.o(.text) for TIM4_Int_Init
    main.o(.text) refers to pwm.o(.text) for TIM3_PWM_Init
    main.o(.text) refers to stm32f10x_gpio.o(.text) for GPIO_SetBits
    main.o(.text) refers to light.o(.text) for breathe_statr
    stm32f10x_it.o(.text) refers to stm32f10x_tim.o(.text) for TIM_GetITStatus
    stm32f10x_it.o(.text) refers to tmr.o(.text) for TMR_Manage
    led.o(.text) refers to stm32f10x_rcc.o(.text) for RCC_APB2PeriphClockCmd
    led.o(.text) refers to stm32f10x_gpio.o(.text) for GPIO_Init
    timer.o(.text) refers to stm32f10x_rcc.o(.text) for RCC_APB1PeriphClockCmd
    timer.o(.text) refers to stm32f10x_tim.o(.text) for TIM_TimeBaseInit
    timer.o(.text) refers to misc.o(.text) for NVIC_Init
    tmr.o(.text) refers to tmr.o(.bss) for _tmr
    key.o(.text) refers to stm32f10x_rcc.o(.text) for RCC_APB2PeriphClockCmd
    key.o(.text) refers to stm32f10x_gpio.o(.text) for GPIO_Init
    pwm.o(.text) refers to stm32f10x_rcc.o(.text) for RCC_APB1PeriphClockCmd
    pwm.o(.text) refers to stm32f10x_gpio.o(.text) for GPIO_PinRemapConfig
    pwm.o(.text) refers to stm32f10x_tim.o(.text) for TIM_TimeBaseInit
    light.o(.text) refers to f2d.o(.text) for __aeabi_f2d
    light.o(.text) refers to dmul.o(.text) for __aeabi_dmul
    light.o(.text) refers to d2f.o(.text) for __aeabi_d2f
    light.o(.text) refers to cdcmple.o(.text) for __aeabi_cdcmpeq
    light.o(.text) refers to ffixi.o(.text) for __aeabi_f2iz
    light.o(.text) refers to fadd.o(.text) for __aeabi_fadd
    light.o(.text) refers to cfcmple.o(.text) for __aeabi_cfcmple
    light.o(.text) refers to fmod.o(i.fmod) for fmod
    light.o(.text) refers to ddiv.o(.text) for __aeabi_ddiv
    light.o(.text) refers to fflti.o(.text) for __aeabi_i2f
    light.o(.text) refers to dadd.o(.text) for __aeabi_drsub
    light.o(.text) refers to fmul.o(.text) for __aeabi_fmul
    light.o(.text) refers to cfrcmple.o(.text) for __aeabi_cfrcmple
    light.o(.text) refers to fdiv.o(.text) for __aeabi_fdiv
    light.o(.text) refers to tmr.o(.text) for TMRx_Change
    light.o(.text) refers to light.o(.data) for v
    light.o(.text) refers to dflti.o(.text) for __aeabi_i2d
    light.o(.text) refers to sin.o(i.sin) for sin
    stm32f10x_tim.o(.text) refers to stm32f10x_rcc.o(.text) for RCC_APB2PeriphResetCmd
    stm32f10x_gpio.o(.text) refers to stm32f10x_rcc.o(.text) for RCC_APB2PeriphResetCmd
    stm32f10x_rcc.o(.text) refers to stm32f10x_rcc.o(.data) for APBAHBPrescTable
    fmod.o(i.__softfp_fmod) refers (Special) to iusefp.o(.text) for __I$use$fp
    fmod.o(i.__softfp_fmod) refers to fmod.o(i.fmod) for fmod
    fmod.o(i.fmod) refers (Special) to iusefp.o(.text) for __I$use$fp
    fmod.o(i.fmod) refers to drem.o(.text) for _drem
    fmod.o(i.fmod) refers to dadd.o(.text) for __aeabi_drsub
    fmod.o(i.fmod) refers to errno.o(i.__set_errno) for __set_errno
    fmod.o(i.fmod) refers to dunder.o(i.__mathlib_dbl_invalid) for __mathlib_dbl_invalid
    fmod_x.o(i.____softfp_fmod$lsc) refers (Special) to iusefp.o(.text) for __I$use$fp
    fmod_x.o(i.____softfp_fmod$lsc) refers to fmod_x.o(i.__fmod$lsc) for __fmod$lsc
    fmod_x.o(i.__fmod$lsc) refers (Special) to iusefp.o(.text) for __I$use$fp
    fmod_x.o(i.__fmod$lsc) refers to drem.o(.text) for _drem
    fmod_x.o(i.__fmod$lsc) refers to dadd.o(.text) for __aeabi_drsub
    fmod_x.o(i.__fmod$lsc) refers to errno.o(i.__set_errno) for __set_errno
    sin.o(i.__softfp_sin) refers (Special) to iusefp.o(.text) for __I$use$fp
    sin.o(i.__softfp_sin) refers to sin.o(i.sin) for sin
    sin.o(i.sin) refers (Special) to iusefp.o(.text) for __I$use$fp
    sin.o(i.sin) refers to errno.o(i.__set_errno) for __set_errno
    sin.o(i.sin) refers to dunder.o(i.__mathlib_dbl_invalid) for __mathlib_dbl_invalid
    sin.o(i.sin) refers to dunder.o(i.__mathlib_dbl_infnan) for __mathlib_dbl_infnan
    sin.o(i.sin) refers to rred.o(i.__ieee754_rem_pio2) for __ieee754_rem_pio2
    sin.o(i.sin) refers to cos_i.o(i.__kernel_cos) for __kernel_cos
    sin.o(i.sin) refers to sin_i.o(i.__kernel_sin) for __kernel_sin
    sin_x.o(i.____softfp_sin$lsc) refers (Special) to iusefp.o(.text) for __I$use$fp
    sin_x.o(i.____softfp_sin$lsc) refers to sin_x.o(i.__sin$lsc) for __sin$lsc
    sin_x.o(i.__sin$lsc) refers (Special) to iusefp.o(.text) for __I$use$fp
    sin_x.o(i.__sin$lsc) refers to errno.o(i.__set_errno) for __set_errno
    sin_x.o(i.__sin$lsc) refers to dunder.o(i.__mathlib_dbl_infnan) for __mathlib_dbl_infnan
    sin_x.o(i.__sin$lsc) refers to rred.o(i.__ieee754_rem_pio2) for __ieee754_rem_pio2
    sin_x.o(i.__sin$lsc) refers to cos_i.o(i.__kernel_cos) for __kernel_cos
    sin_x.o(i.__sin$lsc) refers to sin_i.o(i.__kernel_sin) for __kernel_sin
    entry.o(.ARM.Collect$$$$00000000) refers (Special) to entry10a.o(.ARM.Collect$$$$0000000D) for __rt_final_cpp
    entry.o(.ARM.Collect$$$$00000000) refers (Special) to entry11a.o(.ARM.Collect$$$$0000000F) for __rt_final_exit
    entry.o(.ARM.Collect$$$$00000000) refers (Special) to entry7b.o(.ARM.Collect$$$$00000008) for _main_clock
    entry.o(.ARM.Collect$$$$00000000) refers (Special) to entry8b.o(.ARM.Collect$$$$0000000A) for _main_cpp_init
    entry.o(.ARM.Collect$$$$00000000) refers (Special) to entry9a.o(.ARM.Collect$$$$0000000B) for _main_init
    entry.o(.ARM.Collect$$$$00000000) refers (Special) to entry5.o(.ARM.Collect$$$$00000004) for _main_scatterload
    entry.o(.ARM.Collect$$$$00000000) refers (Special) to entry2.o(.ARM.Collect$$$$00000001) for _main_stk
    fadd.o(.text) refers (Special) to iusefp.o(.text) for __I$use$fp
    fadd.o(.text) refers to fepilogue.o(.text) for _float_epilogue
    fmul.o(.text) refers (Special) to iusefp.o(.text) for __I$use$fp
    fdiv.o(.text) refers (Special) to iusefp.o(.text) for __I$use$fp
    fdiv.o(.text) refers to fepilogue.o(.text) for _float_round
    dadd.o(.text) refers (Special) to iusefp.o(.text) for __I$use$fp
    dadd.o(.text) refers to llshl.o(.text) for __aeabi_llsl
    dadd.o(.text) refers to llsshr.o(.text) for __aeabi_lasr
    dadd.o(.text) refers to depilogue.o(.text) for _double_epilogue
    dmul.o(.text) refers (Special) to iusefp.o(.text) for __I$use$fp
    dmul.o(.text) refers to depilogue.o(.text) for _double_epilogue
    ddiv.o(.text) refers (Special) to iusefp.o(.text) for __I$use$fp
    ddiv.o(.text) refers to depilogue.o(.text) for _double_round
    fflti.o(.text) refers (Special) to iusefp.o(.text) for __I$use$fp
    fflti.o(.text) refers to fepilogue.o(.text) for _float_epilogue
    dflti.o(.text) refers (Special) to iusefp.o(.text) for __I$use$fp
    dflti.o(.text) refers to depilogue.o(.text) for _double_epilogue
    ffixi.o(.text) refers (Special) to iusefp.o(.text) for __I$use$fp
    f2d.o(.text) refers (Special) to iusefp.o(.text) for __I$use$fp
    cdcmple.o(.text) refers (Special) to iusefp.o(.text) for __I$use$fp
    d2f.o(.text) refers (Special) to iusefp.o(.text) for __I$use$fp
    d2f.o(.text) refers to fepilogue.o(.text) for _float_round
    cfcmple.o(.text) refers (Special) to iusefp.o(.text) for __I$use$fp
    cfrcmple.o(.text) refers (Special) to iusefp.o(.text) for __I$use$fp
    cos_i.o(i.__kernel_cos) refers (Special) to iusefp.o(.text) for __I$use$fp
    cos_i.o(i.__kernel_cos) refers to dfixi.o(.text) for __aeabi_d2iz
    cos_i.o(i.__kernel_cos) refers to dmul.o(.text) for __aeabi_dmul
    cos_i.o(i.__kernel_cos) refers to poly.o(i.__kernel_poly) for __kernel_poly
    cos_i.o(i.__kernel_cos) refers to dadd.o(.text) for __aeabi_dsub
    cos_i.o(i.__kernel_cos) refers to dscalb.o(.text) for __ARM_scalbn
    cos_i.o(i.__kernel_cos) refers to cos_i.o(.constdata) for .constdata
    cos_i.o(.constdata) refers (Special) to iusefp.o(.text) for __I$use$fp
    dunder.o(i.__mathlib_dbl_divzero) refers to ddiv.o(.text) for __aeabi_ddiv
    dunder.o(i.__mathlib_dbl_infnan) refers to dscalb.o(.text) for __ARM_scalbn
    dunder.o(i.__mathlib_dbl_infnan2) refers to dadd.o(.text) for __aeabi_dadd
    dunder.o(i.__mathlib_dbl_invalid) refers to ddiv.o(.text) for __aeabi_ddiv
    dunder.o(i.__mathlib_dbl_overflow) refers to dscalb.o(.text) for __ARM_scalbn
    dunder.o(i.__mathlib_dbl_posinfnan) refers to dmul.o(.text) for __aeabi_dmul
    dunder.o(i.__mathlib_dbl_underflow) refers to dscalb.o(.text) for __ARM_scalbn
    rred.o(i.__ieee754_rem_pio2) refers (Special) to iusefp.o(.text) for __I$use$fp
    rred.o(i.__ieee754_rem_pio2) refers to dadd.o(.text) for __aeabi_dsub
    rred.o(i.__ieee754_rem_pio2) refers to dmul.o(.text) for __aeabi_dmul
    rred.o(i.__ieee754_rem_pio2) refers to dfixi.o(.text) for __aeabi_d2iz
    rred.o(i.__ieee754_rem_pio2) refers to dflti.o(.text) for __aeabi_i2d
    rred.o(i.__ieee754_rem_pio2) refers to dfltui.o(.text) for __aeabi_ui2d
    rred.o(i.__ieee754_rem_pio2) refers to dscalb.o(.text) for __ARM_scalbn
    rred.o(i.__ieee754_rem_pio2) refers to rred.o(.constdata) for .constdata
    rred.o(i.__use_accurate_range_reduction) refers (Special) to iusefp.o(.text) for __I$use$fp
    rred.o(.constdata) refers (Special) to iusefp.o(.text) for __I$use$fp
    sin_i.o(i.__kernel_sin) refers (Special) to iusefp.o(.text) for __I$use$fp
    sin_i.o(i.__kernel_sin) refers to fpclassify.o(i.__ARM_fpclassify) for __ARM_fpclassify
    sin_i.o(i.__kernel_sin) refers to dunder.o(i.__mathlib_dbl_underflow) for __mathlib_dbl_underflow
    sin_i.o(i.__kernel_sin) refers to dmul.o(.text) for __aeabi_dmul
    sin_i.o(i.__kernel_sin) refers to poly.o(i.__kernel_poly) for __kernel_poly
    sin_i.o(i.__kernel_sin) refers to dscalb.o(.text) for __ARM_scalbn
    sin_i.o(i.__kernel_sin) refers to dadd.o(.text) for __aeabi_dsub
    sin_i.o(i.__kernel_sin) refers to sin_i.o(.constdata) for .constdata
    sin_i.o(.constdata) refers (Special) to iusefp.o(.text) for __I$use$fp
    sin_i_x.o(i.____kernel_sin$lsc) refers (Special) to iusefp.o(.text) for __I$use$fp
    sin_i_x.o(i.____kernel_sin$lsc) refers to dmul.o(.text) for __aeabi_dmul
    sin_i_x.o(i.____kernel_sin$lsc) refers to poly.o(i.__kernel_poly) for __kernel_poly
    sin_i_x.o(i.____kernel_sin$lsc) refers to dscalb.o(.text) for __ARM_scalbn
    sin_i_x.o(i.____kernel_sin$lsc) refers to dadd.o(.text) for __aeabi_dsub
    sin_i_x.o(i.____kernel_sin$lsc) refers to sin_i_x.o(.constdata) for .constdata
    sin_i_x.o(.constdata) refers (Special) to iusefp.o(.text) for __I$use$fp
    entry2.o(.ARM.Collect$$$$00000001) refers to entry2.o(.ARM.Collect$$$$00002712) for __lit__00000000
    entry2.o(.ARM.Collect$$$$00002712) refers to startup_stm32f10x_hd.o(STACK) for __initial_sp
    entry2.o(__vectab_stack_and_reset_area) refers to startup_stm32f10x_hd.o(STACK) for __initial_sp
    entry2.o(__vectab_stack_and_reset_area) refers to entry.o(.ARM.Collect$$$$00000000) for __main
    entry5.o(.ARM.Collect$$$$00000004) refers to init.o(.text) for __scatterload
    entry9a.o(.ARM.Collect$$$$0000000B) refers to main.o(.text) for main
    entry9b.o(.ARM.Collect$$$$0000000C) refers to main.o(.text) for main
    errno.o(i.__aeabi_errno_addr) refers to errno.o(.data) for .data
    errno.o(i.__read_errno) refers to errno.o(.data) for .data
    errno.o(i.__set_errno) refers to errno.o(.data) for .data
    depilogue.o(.text) refers to llshl.o(.text) for __aeabi_llsl
    depilogue.o(.text) refers to llushr.o(.text) for __aeabi_llsr
    drem.o(.text) refers to depilogue.o(.text) for _double_epilogue
    fpclassify.o(i.__ARM_fpclassify) refers (Special) to iusefp.o(.text) for __I$use$fp
    poly.o(i.__kernel_poly) refers (Special) to iusefp.o(.text) for __I$use$fp
    poly.o(i.__kernel_poly) refers to dmul.o(.text) for __aeabi_dmul
    poly.o(i.__kernel_poly) refers to dadd.o(.text) for __aeabi_dadd
    init.o(.text) refers to entry5.o(.ARM.Collect$$$$00000004) for __main_after_scatterload
    dfltui.o(.text) refers to depilogue.o(.text) for _double_epilogue
    dfixi.o(.text) refers to llushr.o(.text) for __aeabi_llsr


==============================================================================

Removing Unused input sections from the image.

    Removing startup_stm32f10x_hd.o(HEAP), (0 bytes).
    Removing sys.o(.emb_text), (6 bytes).
    Removing sys.o(.text), (712 bytes).
    Removing core_cm3.o(.emb_text), (32 bytes).
    Removing system_stm32f10x.o(.constdata), (20 bytes).

5 unused section(s) (total 770 bytes) removed from the image.

==============================================================================

Image Symbol Table

    Local Symbols

    Symbol Name                              Value     Ov Type        Size  Object(Section)

    ../clib/microlib/errno.c                 0x00000000   Number         0  errno.o ABSOLUTE
    ../clib/microlib/init/entry.s            0x00000000   Number         0  entry2.o ABSOLUTE
    ../clib/microlib/init/entry.s            0x00000000   Number         0  entry5.o ABSOLUTE
    ../clib/microlib/init/entry.s            0x00000000   Number         0  entry7a.o ABSOLUTE
    ../clib/microlib/init/entry.s            0x00000000   Number         0  entry7b.o ABSOLUTE
    ../clib/microlib/init/entry.s            0x00000000   Number         0  entry8a.o ABSOLUTE
    ../clib/microlib/init/entry.s            0x00000000   Number         0  entry8b.o ABSOLUTE
    ../clib/microlib/init/entry.s            0x00000000   Number         0  entry9a.o ABSOLUTE
    ../clib/microlib/init/entry.s            0x00000000   Number         0  entry10a.o ABSOLUTE
    ../clib/microlib/init/entry.s            0x00000000   Number         0  entry9b.o ABSOLUTE
    ../clib/microlib/init/entry.s            0x00000000   Number         0  entry10b.o ABSOLUTE
    ../clib/microlib/init/entry.s            0x00000000   Number         0  entry11a.o ABSOLUTE
    ../clib/microlib/init/entry.s            0x00000000   Number         0  entry11b.o ABSOLUTE
    ../clib/microlib/init/entry.s            0x00000000   Number         0  entry.o ABSOLUTE
    ../clib/microlib/longlong.c              0x00000000   Number         0  llushr.o ABSOLUTE
    ../clib/microlib/longlong.c              0x00000000   Number         0  llshl.o ABSOLUTE
    ../clib/microlib/longlong.c              0x00000000   Number         0  llsshr.o ABSOLUTE
    ../clib/microlib/stubs.s                 0x00000000   Number         0  iusefp.o ABSOLUTE
    ../fplib/microlib/d2f.c                  0x00000000   Number         0  d2f.o ABSOLUTE
    ../fplib/microlib/f2d.c                  0x00000000   Number         0  f2d.o ABSOLUTE
    ../fplib/microlib/fpadd.c                0x00000000   Number         0  fadd.o ABSOLUTE
    ../fplib/microlib/fpadd.c                0x00000000   Number         0  dadd.o ABSOLUTE
    ../fplib/microlib/fpdiv.c                0x00000000   Number         0  ddiv.o ABSOLUTE
    ../fplib/microlib/fpdiv.c                0x00000000   Number         0  fdiv.o ABSOLUTE
    ../fplib/microlib/fpepilogue.c           0x00000000   Number         0  fepilogue.o ABSOLUTE
    ../fplib/microlib/fpepilogue.c           0x00000000   Number         0  depilogue.o ABSOLUTE
    ../fplib/microlib/fpfix.c                0x00000000   Number         0  dfixi.o ABSOLUTE
    ../fplib/microlib/fpfix.c                0x00000000   Number         0  ffixi.o ABSOLUTE
    ../fplib/microlib/fpflt.c                0x00000000   Number         0  dflti.o ABSOLUTE
    ../fplib/microlib/fpflt.c                0x00000000   Number         0  fflti.o ABSOLUTE
    ../fplib/microlib/fpflt.c                0x00000000   Number         0  dfltui.o ABSOLUTE
    ../fplib/microlib/fpmul.c                0x00000000   Number         0  dmul.o ABSOLUTE
    ../fplib/microlib/fpmul.c                0x00000000   Number         0  fmul.o ABSOLUTE
    ../fplib/microlib/fprem.c                0x00000000   Number         0  drem.o ABSOLUTE
    ../fplib/microlib/fpscalb.c              0x00000000   Number         0  dscalb.o ABSOLUTE
    ../mathlib/cos_i.c                       0x00000000   Number         0  cos_i.o ABSOLUTE
    ../mathlib/dunder.c                      0x00000000   Number         0  dunder.o ABSOLUTE
    ../mathlib/fmod.c                        0x00000000   Number         0  fmod.o ABSOLUTE
    ../mathlib/fmod.c                        0x00000000   Number         0  fmod_x.o ABSOLUTE
    ../mathlib/fpclassify.c                  0x00000000   Number         0  fpclassify.o ABSOLUTE
    ../mathlib/poly.c                        0x00000000   Number         0  poly.o ABSOLUTE
    ../mathlib/rred.c                        0x00000000   Number         0  rred.o ABSOLUTE
    ../mathlib/sin.c                         0x00000000   Number         0  sin.o ABSOLUTE
    ../mathlib/sin.c                         0x00000000   Number         0  sin_x.o ABSOLUTE
    ../mathlib/sin_i.c                       0x00000000   Number         0  sin_i.o ABSOLUTE
    ../mathlib/sin_i.c                       0x00000000   Number         0  sin_i_x.o ABSOLUTE
    ..\CMSIS\core_cm3.c                      0x00000000   Number         0  core_cm3.o ABSOLUTE
    ..\CMSIS\startup\startup_stm32f10x_hd.s  0x00000000   Number         0  startup_stm32f10x_hd.o ABSOLUTE
    ..\CMSIS\system_stm32f10x.c              0x00000000   Number         0  system_stm32f10x.o ABSOLUTE
    ..\FWlib\src\misc.c                      0x00000000   Number         0  misc.o ABSOLUTE
    ..\FWlib\src\stm32f10x_gpio.c            0x00000000   Number         0  stm32f10x_gpio.o ABSOLUTE
    ..\FWlib\src\stm32f10x_rcc.c             0x00000000   Number         0  stm32f10x_rcc.o ABSOLUTE
    ..\FWlib\src\stm32f10x_tim.c             0x00000000   Number         0  stm32f10x_tim.o ABSOLUTE
    ..\Soft\TMR\tmr.c                        0x00000000   Number         0  tmr.o ABSOLUTE
    ..\Soft\key\key.c                        0x00000000   Number         0  key.o ABSOLUTE
    ..\Soft\led\led.c                        0x00000000   Number         0  led.o ABSOLUTE
    ..\Soft\light\light.c                    0x00000000   Number         0  light.o ABSOLUTE
    ..\Soft\pwm\pwm.c                        0x00000000   Number         0  pwm.o ABSOLUTE
    ..\Soft\tim\timer.c                      0x00000000   Number         0  timer.o ABSOLUTE
    ..\System\sys\sys.c                      0x00000000   Number         0  sys.o ABSOLUTE
    ..\\CMSIS\\core_cm3.c                    0x00000000   Number         0  core_cm3.o ABSOLUTE
    ..\\System\\sys\\sys.c                   0x00000000   Number         0  sys.o ABSOLUTE
    cdcmple.s                                0x00000000   Number         0  cdcmple.o ABSOLUTE
    cfcmple.s                                0x00000000   Number         0  cfcmple.o ABSOLUTE
    cfrcmple.s                               0x00000000   Number         0  cfrcmple.o ABSOLUTE
    dc.s                                     0x00000000   Number         0  dc.o ABSOLUTE
    handlers.s                               0x00000000   Number         0  handlers.o ABSOLUTE
    init.s                                   0x00000000   Number         0  init.o ABSOLUTE
    main.c                                   0x00000000   Number         0  main.o ABSOLUTE
    stm32f10x_it.c                           0x00000000   Number         0  stm32f10x_it.o ABSOLUTE
    RESET                                    0x08000000   Section      304  startup_stm32f10x_hd.o(RESET)
    .ARM.Collect$$$$00000000                 0x08000130   Section        0  entry.o(.ARM.Collect$$$$00000000)
    .ARM.Collect$$$$00000001                 0x08000130   Section        4  entry2.o(.ARM.Collect$$$$00000001)
    .ARM.Collect$$$$00000004                 0x08000134   Section        4  entry5.o(.ARM.Collect$$$$00000004)
    .ARM.Collect$$$$00000008                 0x08000138   Section        0  entry7b.o(.ARM.Collect$$$$00000008)
    .ARM.Collect$$$$0000000A                 0x08000138   Section        0  entry8b.o(.ARM.Collect$$$$0000000A)
    .ARM.Collect$$$$0000000B                 0x08000138   Section        8  entry9a.o(.ARM.Collect$$$$0000000B)
    .ARM.Collect$$$$0000000D                 0x08000140   Section        0  entry10a.o(.ARM.Collect$$$$0000000D)
    .ARM.Collect$$$$0000000F                 0x08000140   Section        0  entry11a.o(.ARM.Collect$$$$0000000F)
    .ARM.Collect$$$$00002712                 0x08000140   Section        4  entry2.o(.ARM.Collect$$$$00002712)
    __lit__00000000                          0x08000140   Data           4  entry2.o(.ARM.Collect$$$$00002712)
    .text                                    0x08000144   Section       48  startup_stm32f10x_hd.o(.text)
    .text                                    0x08000174   Section        0  main.o(.text)
    .text                                    0x080002f0   Section        0  stm32f10x_it.o(.text)
    .text                                    0x0800032c   Section        0  led.o(.text)
    .text                                    0x08000364   Section        0  timer.o(.text)
    .text                                    0x080003dc   Section        0  tmr.o(.text)
    .text                                    0x080004a4   Section        0  key.o(.text)
    .text                                    0x08000518   Section        0  pwm.o(.text)
    .text                                    0x080005b8   Section        0  light.o(.text)
    .text                                    0x08000bf8   Section        0  stm32f10x_tim.o(.text)
    TI4_Config                               0x08000f17   Thumb Code    82  stm32f10x_tim.o(.text)
    TI3_Config                               0x08000f7b   Thumb Code    72  stm32f10x_tim.o(.text)
    TI2_Config                               0x08000fed   Thumb Code    80  stm32f10x_tim.o(.text)
    TI1_Config                               0x0800104f   Thumb Code    56  stm32f10x_tim.o(.text)
    .text                                    0x080017c0   Section        0  misc.o(.text)
    .text                                    0x0800189c   Section        0  stm32f10x_gpio.o(.text)
    .text                                    0x08001bcc   Section        0  stm32f10x_rcc.o(.text)
    .text                                    0x08001f6c   Section        0  system_stm32f10x.o(.text)
    SetSysClockTo72                          0x08001f6d   Thumb Code   220  system_stm32f10x.o(.text)
    SetSysClock                              0x08002049   Thumb Code     8  system_stm32f10x.o(.text)
    .text                                    0x080020a4   Section        0  fadd.o(.text)
    .text                                    0x08002154   Section        0  fmul.o(.text)
    .text                                    0x080021b8   Section        0  fdiv.o(.text)
    .text                                    0x08002234   Section        0  dadd.o(.text)
    .text                                    0x08002382   Section        0  dmul.o(.text)
    .text                                    0x08002466   Section        0  ddiv.o(.text)
    .text                                    0x08002544   Section        0  fflti.o(.text)
    .text                                    0x08002556   Section        0  dflti.o(.text)
    .text                                    0x08002578   Section        0  ffixi.o(.text)
    .text                                    0x080025aa   Section        0  f2d.o(.text)
    .text                                    0x080025d0   Section       48  cdcmple.o(.text)
    .text                                    0x08002600   Section        0  d2f.o(.text)
    .text                                    0x08002638   Section       20  cfcmple.o(.text)
    .text                                    0x0800264c   Section       20  cfrcmple.o(.text)
    .text                                    0x08002660   Section        0  llshl.o(.text)
    .text                                    0x0800267e   Section        0  llsshr.o(.text)
    .text                                    0x080026a2   Section        0  iusefp.o(.text)
    .text                                    0x080026a2   Section        0  fepilogue.o(.text)
    .text                                    0x08002710   Section        0  depilogue.o(.text)
    .text                                    0x080027ca   Section        0  drem.o(.text)
    .text                                    0x08002850   Section       36  init.o(.text)
    .text                                    0x08002874   Section        0  llushr.o(.text)
    .text                                    0x08002894   Section        0  dscalb.o(.text)
    .text                                    0x080028c2   Section        0  dfltui.o(.text)
    .text                                    0x080028dc   Section        0  dfixi.o(.text)
    i.__ARM_fpclassify                       0x0800291a   Section        0  fpclassify.o(i.__ARM_fpclassify)
    i.__ieee754_rem_pio2                     0x08002944   Section        0  rred.o(i.__ieee754_rem_pio2)
    i.__kernel_cos                           0x08002ccc   Section        0  cos_i.o(i.__kernel_cos)
    i.__kernel_poly                          0x08002dc8   Section        0  poly.o(i.__kernel_poly)
    i.__kernel_sin                           0x08002e74   Section        0  sin_i.o(i.__kernel_sin)
    i.__mathlib_dbl_infnan                   0x08002f60   Section        0  dunder.o(i.__mathlib_dbl_infnan)
    i.__mathlib_dbl_invalid                  0x08002f66   Section        0  dunder.o(i.__mathlib_dbl_invalid)
    i.__mathlib_dbl_underflow                0x08002f74   Section        0  dunder.o(i.__mathlib_dbl_underflow)
    i.__scatterload_copy                     0x08002f84   Section       14  handlers.o(i.__scatterload_copy)
    i.__scatterload_null                     0x08002f92   Section        2  handlers.o(i.__scatterload_null)
    i.__scatterload_zeroinit                 0x08002f94   Section       14  handlers.o(i.__scatterload_zeroinit)
    i.__set_errno                            0x08002fa4   Section        0  errno.o(i.__set_errno)
    i.fmod                                   0x08002fb0   Section        0  fmod.o(i.fmod)
    i.sin                                    0x08003044   Section        0  sin.o(i.sin)
    .constdata                               0x080030e8   Section       48  cos_i.o(.constdata)
    C                                        0x080030e8   Data          48  cos_i.o(.constdata)
    .constdata                               0x08003118   Section      200  rred.o(.constdata)
    pio2s                                    0x08003118   Data          48  rred.o(.constdata)
    twooverpi                                0x08003148   Data         152  rred.o(.constdata)
    .constdata                               0x080031e0   Section       40  sin_i.o(.constdata)
    S                                        0x080031e0   Data          40  sin_i.o(.constdata)
    .data                                    0x20000000   Section       40  light.o(.data)
    H                                        0x20000000   Data           4  light.o(.data)
    S                                        0x20000004   Data           4  light.o(.data)
    V                                        0x20000008   Data           4  light.o(.data)
    v                                        0x2000000c   Data           4  light.o(.data)
    i                                        0x20000010   Data           4  light.o(.data)
    H                                        0x20000014   Data           4  light.o(.data)
    S                                        0x20000018   Data           4  light.o(.data)
    V                                        0x2000001c   Data           4  light.o(.data)
    v                                        0x20000020   Data           4  light.o(.data)
    i                                        0x20000024   Data           4  light.o(.data)
    .data                                    0x20000028   Section       20  stm32f10x_rcc.o(.data)
    APBAHBPrescTable                         0x20000028   Data          16  stm32f10x_rcc.o(.data)
    ADCPrescTable                            0x20000038   Data           4  stm32f10x_rcc.o(.data)
    .data                                    0x2000003c   Section        4  errno.o(.data)
    _errno                                   0x2000003c   Data           4  errno.o(.data)
    .bss                                     0x20000040   Section      120  tmr.o(.bss)
    STACK                                    0x200000b8   Section      512  startup_stm32f10x_hd.o(STACK)

    Global Symbols

    Symbol Name                              Value     Ov Type        Size  Object(Section)

    BuildAttributes$$THM_ISAv4$P$D$K$B$S$PE$A:L22UL41UL21$X:L11$S22US41US21$IEEE1$IW$USESV6$~STKCKD$USESV7$~SHL$OTIME$ROPI$IEEEX$EBA8$MICROLIB$REQ8$PRES8$EABIv2 0x00000000   Number         0  anon$$obj.o ABSOLUTE
    __ARM_use_no_argv                        0x00000000   Number         0  main.o ABSOLUTE
    __cpp_initialize__aeabi_                  - Undefined Weak Reference
    __cxa_finalize                            - Undefined Weak Reference
    __decompress                              - Undefined Weak Reference
    _clock_init                               - Undefined Weak Reference
    _microlib_exit                            - Undefined Weak Reference
    __Vectors_Size                           0x00000130   Number         0  startup_stm32f10x_hd.o ABSOLUTE
    __Vectors                                0x08000000   Data           4  startup_stm32f10x_hd.o(RESET)
    __Vectors_End                            0x08000130   Data           0  startup_stm32f10x_hd.o(RESET)
    __main                                   0x08000131   Thumb Code     0  entry.o(.ARM.Collect$$$$00000000)
    _main_stk                                0x08000131   Thumb Code     0  entry2.o(.ARM.Collect$$$$00000001)
    _main_scatterload                        0x08000135   Thumb Code     0  entry5.o(.ARM.Collect$$$$00000004)
    __main_after_scatterload                 0x08000139   Thumb Code     0  entry5.o(.ARM.Collect$$$$00000004)
    _main_clock                              0x08000139   Thumb Code     0  entry7b.o(.ARM.Collect$$$$00000008)
    _main_cpp_init                           0x08000139   Thumb Code     0  entry8b.o(.ARM.Collect$$$$0000000A)
    _main_init                               0x08000139   Thumb Code     0  entry9a.o(.ARM.Collect$$$$0000000B)
    __rt_final_cpp                           0x08000141   Thumb Code     0  entry10a.o(.ARM.Collect$$$$0000000D)
    __rt_final_exit                          0x08000141   Thumb Code     0  entry11a.o(.ARM.Collect$$$$0000000F)
    SystemInit_ExtMemCtl                     0x08000145   Thumb Code     2  startup_stm32f10x_hd.o(.text)
    Reset_Handler                            0x08000147   Thumb Code    14  startup_stm32f10x_hd.o(.text)
    ADC1_2_IRQHandler                        0x08000167   Thumb Code     0  startup_stm32f10x_hd.o(.text)
    ADC3_IRQHandler                          0x08000167   Thumb Code     0  startup_stm32f10x_hd.o(.text)
    CAN1_RX1_IRQHandler                      0x08000167   Thumb Code     0  startup_stm32f10x_hd.o(.text)
    CAN1_SCE_IRQHandler                      0x08000167   Thumb Code     0  startup_stm32f10x_hd.o(.text)
    DMA1_Channel1_IRQHandler                 0x08000167   Thumb Code     0  startup_stm32f10x_hd.o(.text)
    DMA1_Channel2_IRQHandler                 0x08000167   Thumb Code     0  startup_stm32f10x_hd.o(.text)
    DMA1_Channel3_IRQHandler                 0x08000167   Thumb Code     0  startup_stm32f10x_hd.o(.text)
    DMA1_Channel4_IRQHandler                 0x08000167   Thumb Code     0  startup_stm32f10x_hd.o(.text)
    DMA1_Channel5_IRQHandler                 0x08000167   Thumb Code     0  startup_stm32f10x_hd.o(.text)
    DMA1_Channel6_IRQHandler                 0x08000167   Thumb Code     0  startup_stm32f10x_hd.o(.text)
    DMA1_Channel7_IRQHandler                 0x08000167   Thumb Code     0  startup_stm32f10x_hd.o(.text)
    DMA2_Channel1_IRQHandler                 0x08000167   Thumb Code     0  startup_stm32f10x_hd.o(.text)
    DMA2_Channel2_IRQHandler                 0x08000167   Thumb Code     0  startup_stm32f10x_hd.o(.text)
    DMA2_Channel3_IRQHandler                 0x08000167   Thumb Code     0  startup_stm32f10x_hd.o(.text)
    DMA2_Channel4_5_IRQHandler               0x08000167   Thumb Code     0  startup_stm32f10x_hd.o(.text)
    EXTI0_IRQHandler                         0x08000167   Thumb Code     0  startup_stm32f10x_hd.o(.text)
    EXTI15_10_IRQHandler                     0x08000167   Thumb Code     0  startup_stm32f10x_hd.o(.text)
    EXTI1_IRQHandler                         0x08000167   Thumb Code     0  startup_stm32f10x_hd.o(.text)
    EXTI2_IRQHandler                         0x08000167   Thumb Code     0  startup_stm32f10x_hd.o(.text)
    EXTI3_IRQHandler                         0x08000167   Thumb Code     0  startup_stm32f10x_hd.o(.text)
    EXTI4_IRQHandler                         0x08000167   Thumb Code     0  startup_stm32f10x_hd.o(.text)
    EXTI9_5_IRQHandler                       0x08000167   Thumb Code     0  startup_stm32f10x_hd.o(.text)
    FLASH_IRQHandler                         0x08000167   Thumb Code     0  startup_stm32f10x_hd.o(.text)
    FSMC_IRQHandler                          0x08000167   Thumb Code     0  startup_stm32f10x_hd.o(.text)
    I2C1_ER_IRQHandler                       0x08000167   Thumb Code     0  startup_stm32f10x_hd.o(.text)
    I2C1_EV_IRQHandler                       0x08000167   Thumb Code     0  startup_stm32f10x_hd.o(.text)
    I2C2_ER_IRQHandler                       0x08000167   Thumb Code     0  startup_stm32f10x_hd.o(.text)
    I2C2_EV_IRQHandler                       0x08000167   Thumb Code     0  startup_stm32f10x_hd.o(.text)
    PVD_IRQHandler                           0x08000167   Thumb Code     0  startup_stm32f10x_hd.o(.text)
    RCC_IRQHandler                           0x08000167   Thumb Code     0  startup_stm32f10x_hd.o(.text)
    RTCAlarm_IRQHandler                      0x08000167   Thumb Code     0  startup_stm32f10x_hd.o(.text)
    RTC_IRQHandler                           0x08000167   Thumb Code     0  startup_stm32f10x_hd.o(.text)
    SDIO_IRQHandler                          0x08000167   Thumb Code     0  startup_stm32f10x_hd.o(.text)
    SPI1_IRQHandler                          0x08000167   Thumb Code     0  startup_stm32f10x_hd.o(.text)
    SPI2_IRQHandler                          0x08000167   Thumb Code     0  startup_stm32f10x_hd.o(.text)
    SPI3_IRQHandler                          0x08000167   Thumb Code     0  startup_stm32f10x_hd.o(.text)
    TAMPER_IRQHandler                        0x08000167   Thumb Code     0  startup_stm32f10x_hd.o(.text)
    TIM1_BRK_IRQHandler                      0x08000167   Thumb Code     0  startup_stm32f10x_hd.o(.text)
    TIM1_CC_IRQHandler                       0x08000167   Thumb Code     0  startup_stm32f10x_hd.o(.text)
    TIM1_TRG_COM_IRQHandler                  0x08000167   Thumb Code     0  startup_stm32f10x_hd.o(.text)
    TIM1_UP_IRQHandler                       0x08000167   Thumb Code     0  startup_stm32f10x_hd.o(.text)
    TIM2_IRQHandler                          0x08000167   Thumb Code     0  startup_stm32f10x_hd.o(.text)
    TIM3_IRQHandler                          0x08000167   Thumb Code     0  startup_stm32f10x_hd.o(.text)
    TIM5_IRQHandler                          0x08000167   Thumb Code     0  startup_stm32f10x_hd.o(.text)
    TIM6_IRQHandler                          0x08000167   Thumb Code     0  startup_stm32f10x_hd.o(.text)
    TIM7_IRQHandler                          0x08000167   Thumb Code     0  startup_stm32f10x_hd.o(.text)
    TIM8_BRK_IRQHandler                      0x08000167   Thumb Code     0  startup_stm32f10x_hd.o(.text)
    TIM8_CC_IRQHandler                       0x08000167   Thumb Code     0  startup_stm32f10x_hd.o(.text)
    TIM8_TRG_COM_IRQHandler                  0x08000167   Thumb Code     0  startup_stm32f10x_hd.o(.text)
    TIM8_UP_IRQHandler                       0x08000167   Thumb Code     0  startup_stm32f10x_hd.o(.text)
    UART4_IRQHandler                         0x08000167   Thumb Code     0  startup_stm32f10x_hd.o(.text)
    UART5_IRQHandler                         0x08000167   Thumb Code     0  startup_stm32f10x_hd.o(.text)
    USART2_IRQHandler                        0x08000167   Thumb Code     0  startup_stm32f10x_hd.o(.text)
    USART3_IRQHandler                        0x08000167   Thumb Code     0  startup_stm32f10x_hd.o(.text)
    USBWakeUp_IRQHandler                     0x08000167   Thumb Code     0  startup_stm32f10x_hd.o(.text)
    USB_HP_CAN1_TX_IRQHandler                0x08000167   Thumb Code     0  startup_stm32f10x_hd.o(.text)
    USB_LP_CAN1_RX0_IRQHandler               0x08000167   Thumb Code     0  startup_stm32f10x_hd.o(.text)
    WWDG_IRQHandler                          0x08000167   Thumb Code     0  startup_stm32f10x_hd.o(.text)
    main                                     0x08000175   Thumb Code   368  main.o(.text)
    NMI_Handler                              0x080002f1   Thumb Code     2  stm32f10x_it.o(.text)
    HardFault_Handler                        0x080002f3   Thumb Code     4  stm32f10x_it.o(.text)
    MemManage_Handler                        0x080002f7   Thumb Code     4  stm32f10x_it.o(.text)
    BusFault_Handler                         0x080002fb   Thumb Code     4  stm32f10x_it.o(.text)
    UsageFault_Handler                       0x080002ff   Thumb Code     4  stm32f10x_it.o(.text)
    SVC_Handler                              0x08000303   Thumb Code     2  stm32f10x_it.o(.text)
    DebugMon_Handler                         0x08000305   Thumb Code     2  stm32f10x_it.o(.text)
    PendSV_Handler                           0x08000307   Thumb Code     2  stm32f10x_it.o(.text)
    SysTick_Handler                          0x08000309   Thumb Code     2  stm32f10x_it.o(.text)
    USART1_IRQHandler                        0x0800030b   Thumb Code     2  stm32f10x_it.o(.text)
    TIM4_IRQHandler                          0x0800030d   Thumb Code    26  stm32f10x_it.o(.text)
    LED_GPIO_Config                          0x0800032d   Thumb Code    50  led.o(.text)
    TIM4_Int_Init                            0x08000365   Thumb Code   114  timer.o(.text)
    TMR_CheckFlag                            0x080003dd   Thumb Code    28  tmr.o(.text)
    TMR_Manage                               0x080003f9   Thumb Code    44  tmr.o(.text)
    TMRx_Init                                0x08000425   Thumb Code    34  tmr.o(.text)
    TMRx_Change                              0x08000447   Thumb Code    40  tmr.o(.text)
    TMRx_Check                               0x0800046f   Thumb Code    48  tmr.o(.text)
    Key_Init                                 0x080004a5   Thumb Code    46  key.o(.text)
    Key_Scan                                 0x080004d3   Thumb Code    64  key.o(.text)
    TIM3_PWM_Init                            0x08000519   Thumb Code   146  pwm.o(.text)
    hsv_to_rgb                               0x080005b9   Thumb Code   536  light.o(.text)
    rgb_to_hsv                               0x080007d1   Thumb Code   472  light.o(.text)
    breathe_statr                            0x080009a9   Thumb Code   278  light.o(.text)
    breathe_end                              0x08000abf   Thumb Code   252  light.o(.text)
    TIM_DeInit                               0x08000bf9   Thumb Code   214  stm32f10x_tim.o(.text)
    TIM_TimeBaseInit                         0x08000ccf   Thumb Code    50  stm32f10x_tim.o(.text)
    TIM_OC1Init                              0x08000d01   Thumb Code   110  stm32f10x_tim.o(.text)
    TIM_OC2Init                              0x08000d6f   Thumb Code   148  stm32f10x_tim.o(.text)
    TIM_OC3Init                              0x08000e03   Thumb Code   144  stm32f10x_tim.o(.text)
    TIM_OC4Init                              0x08000e93   Thumb Code   106  stm32f10x_tim.o(.text)
    TIM_SetIC4Prescaler                      0x08000efd   Thumb Code    26  stm32f10x_tim.o(.text)
    TIM_SetIC3Prescaler                      0x08000f69   Thumb Code    18  stm32f10x_tim.o(.text)
    TIM_SetIC2Prescaler                      0x08000fc3   Thumb Code    42  stm32f10x_tim.o(.text)
    TIM_SetIC1Prescaler                      0x0800103d   Thumb Code    18  stm32f10x_tim.o(.text)
    TIM_ICInit                               0x08001087   Thumb Code   110  stm32f10x_tim.o(.text)
    TIM_PWMIConfig                           0x080010f5   Thumb Code   124  stm32f10x_tim.o(.text)
    TIM_BDTRConfig                           0x08001171   Thumb Code    32  stm32f10x_tim.o(.text)
    TIM_TimeBaseStructInit                   0x08001191   Thumb Code    18  stm32f10x_tim.o(.text)
    TIM_OCStructInit                         0x080011a3   Thumb Code    20  stm32f10x_tim.o(.text)
    TIM_ICStructInit                         0x080011b7   Thumb Code    18  stm32f10x_tim.o(.text)
    TIM_BDTRStructInit                       0x080011c9   Thumb Code    18  stm32f10x_tim.o(.text)
    TIM_Cmd                                  0x080011db   Thumb Code    24  stm32f10x_tim.o(.text)
    TIM_CtrlPWMOutputs                       0x080011f3   Thumb Code    30  stm32f10x_tim.o(.text)
    TIM_ITConfig                             0x08001211   Thumb Code    18  stm32f10x_tim.o(.text)
    TIM_GenerateEvent                        0x08001223   Thumb Code     4  stm32f10x_tim.o(.text)
    TIM_DMAConfig                            0x08001227   Thumb Code    10  stm32f10x_tim.o(.text)
    TIM_DMACmd                               0x08001231   Thumb Code    18  stm32f10x_tim.o(.text)
    TIM_InternalClockConfig                  0x08001243   Thumb Code    12  stm32f10x_tim.o(.text)
    TIM_SelectInputTrigger                   0x0800124f   Thumb Code    18  stm32f10x_tim.o(.text)
    TIM_ITRxExternalClockConfig              0x08001261   Thumb Code    24  stm32f10x_tim.o(.text)
    TIM_TIxExternalClockConfig               0x08001279   Thumb Code    62  stm32f10x_tim.o(.text)
    TIM_ETRConfig                            0x080012b7   Thumb Code    30  stm32f10x_tim.o(.text)
    TIM_ETRClockMode1Config                  0x080012d5   Thumb Code    54  stm32f10x_tim.o(.text)
    TIM_ETRClockMode2Config                  0x0800130b   Thumb Code    32  stm32f10x_tim.o(.text)
    TIM_PrescalerConfig                      0x0800132b   Thumb Code     6  stm32f10x_tim.o(.text)
    TIM_CounterModeConfig                    0x08001331   Thumb Code    18  stm32f10x_tim.o(.text)
    TIM_EncoderInterfaceConfig               0x08001343   Thumb Code    66  stm32f10x_tim.o(.text)
    TIM_ForcedOC1Config                      0x08001385   Thumb Code    18  stm32f10x_tim.o(.text)
    TIM_ForcedOC2Config                      0x08001397   Thumb Code    26  stm32f10x_tim.o(.text)
    TIM_ForcedOC3Config                      0x080013b1   Thumb Code    18  stm32f10x_tim.o(.text)
    TIM_ForcedOC4Config                      0x080013c3   Thumb Code    26  stm32f10x_tim.o(.text)
    TIM_ARRPreloadConfig                     0x080013dd   Thumb Code    24  stm32f10x_tim.o(.text)
    TIM_SelectCOM                            0x080013f5   Thumb Code    24  stm32f10x_tim.o(.text)
    TIM_SelectCCDMA                          0x0800140d   Thumb Code    24  stm32f10x_tim.o(.text)
    TIM_CCPreloadControl                     0x08001425   Thumb Code    24  stm32f10x_tim.o(.text)
    TIM_OC1PreloadConfig                     0x0800143d   Thumb Code    18  stm32f10x_tim.o(.text)
    TIM_OC2PreloadConfig                     0x0800144f   Thumb Code    26  stm32f10x_tim.o(.text)
    TIM_OC3PreloadConfig                     0x08001469   Thumb Code    18  stm32f10x_tim.o(.text)
    TIM_OC4PreloadConfig                     0x0800147b   Thumb Code    26  stm32f10x_tim.o(.text)
    TIM_OC1FastConfig                        0x08001495   Thumb Code    18  stm32f10x_tim.o(.text)
    TIM_OC2FastConfig                        0x080014a7   Thumb Code    26  stm32f10x_tim.o(.text)
    TIM_OC3FastConfig                        0x080014c1   Thumb Code    18  stm32f10x_tim.o(.text)
    TIM_OC4FastConfig                        0x080014d3   Thumb Code    26  stm32f10x_tim.o(.text)
    TIM_ClearOC1Ref                          0x080014ed   Thumb Code    18  stm32f10x_tim.o(.text)
    TIM_ClearOC2Ref                          0x080014ff   Thumb Code    24  stm32f10x_tim.o(.text)
    TIM_ClearOC3Ref                          0x08001517   Thumb Code    18  stm32f10x_tim.o(.text)
    TIM_ClearOC4Ref                          0x08001529   Thumb Code    24  stm32f10x_tim.o(.text)
    TIM_OC1PolarityConfig                    0x08001541   Thumb Code    18  stm32f10x_tim.o(.text)
    TIM_OC1NPolarityConfig                   0x08001553   Thumb Code    18  stm32f10x_tim.o(.text)
    TIM_OC2PolarityConfig                    0x08001565   Thumb Code    26  stm32f10x_tim.o(.text)
    TIM_OC2NPolarityConfig                   0x0800157f   Thumb Code    26  stm32f10x_tim.o(.text)
    TIM_OC3PolarityConfig                    0x08001599   Thumb Code    26  stm32f10x_tim.o(.text)
    TIM_OC3NPolarityConfig                   0x080015b3   Thumb Code    26  stm32f10x_tim.o(.text)
    TIM_OC4PolarityConfig                    0x080015cd   Thumb Code    26  stm32f10x_tim.o(.text)
    TIM_CCxCmd                               0x080015e7   Thumb Code    26  stm32f10x_tim.o(.text)
    TIM_CCxNCmd                              0x08001601   Thumb Code    26  stm32f10x_tim.o(.text)
    TIM_SelectOCxM                           0x0800161b   Thumb Code   134  stm32f10x_tim.o(.text)
    TIM_UpdateDisableConfig                  0x080016a1   Thumb Code    24  stm32f10x_tim.o(.text)
    TIM_UpdateRequestConfig                  0x080016b9   Thumb Code    24  stm32f10x_tim.o(.text)
    TIM_SelectHallSensor                     0x080016d1   Thumb Code    24  stm32f10x_tim.o(.text)
    TIM_SelectOnePulseMode                   0x080016e9   Thumb Code    18  stm32f10x_tim.o(.text)
    TIM_SelectOutputTrigger                  0x080016fb   Thumb Code    18  stm32f10x_tim.o(.text)
    TIM_SelectSlaveMode                      0x0800170d   Thumb Code    18  stm32f10x_tim.o(.text)
    TIM_SelectMasterSlaveMode                0x0800171f   Thumb Code    18  stm32f10x_tim.o(.text)
    TIM_SetCounter                           0x08001731   Thumb Code     4  stm32f10x_tim.o(.text)
    TIM_SetAutoreload                        0x08001735   Thumb Code     4  stm32f10x_tim.o(.text)
    TIM_SetCompare1                          0x08001739   Thumb Code     4  stm32f10x_tim.o(.text)
    TIM_SetCompare2                          0x0800173d   Thumb Code     4  stm32f10x_tim.o(.text)
    TIM_SetCompare3                          0x08001741   Thumb Code     4  stm32f10x_tim.o(.text)
    TIM_SetCompare4                          0x08001745   Thumb Code     6  stm32f10x_tim.o(.text)
    TIM_SetClockDivision                     0x0800174b   Thumb Code    14  stm32f10x_tim.o(.text)
    TIM_GetCapture1                          0x08001759   Thumb Code     6  stm32f10x_tim.o(.text)
    TIM_GetCapture2                          0x0800175f   Thumb Code     6  stm32f10x_tim.o(.text)
    TIM_GetCapture3                          0x08001765   Thumb Code     6  stm32f10x_tim.o(.text)
    TIM_GetCapture4                          0x0800176b   Thumb Code     8  stm32f10x_tim.o(.text)
    TIM_GetCounter                           0x08001773   Thumb Code     6  stm32f10x_tim.o(.text)
    TIM_GetPrescaler                         0x08001779   Thumb Code     6  stm32f10x_tim.o(.text)
    TIM_GetFlagStatus                        0x0800177f   Thumb Code    18  stm32f10x_tim.o(.text)
    TIM_ClearFlag                            0x08001791   Thumb Code     6  stm32f10x_tim.o(.text)
    TIM_GetITStatus                          0x08001797   Thumb Code    34  stm32f10x_tim.o(.text)
    TIM_ClearITPendingBit                    0x080017b9   Thumb Code     6  stm32f10x_tim.o(.text)
    NVIC_PriorityGroupConfig                 0x080017c1   Thumb Code    10  misc.o(.text)
    NVIC_Init                                0x080017cb   Thumb Code   100  misc.o(.text)
    NVIC_SetVectorTable                      0x0800182f   Thumb Code    14  misc.o(.text)
    NVIC_SystemLPConfig                      0x0800183d   Thumb Code    34  misc.o(.text)
    SysTick_CLKSourceConfig                  0x0800185f   Thumb Code    40  misc.o(.text)
    GPIO_DeInit                              0x0800189d   Thumb Code   188  stm32f10x_gpio.o(.text)
    GPIO_AFIODeInit                          0x08001959   Thumb Code    20  stm32f10x_gpio.o(.text)
    GPIO_Init                                0x0800196d   Thumb Code   278  stm32f10x_gpio.o(.text)
    GPIO_StructInit                          0x08001a83   Thumb Code    16  stm32f10x_gpio.o(.text)
    GPIO_ReadInputDataBit                    0x08001a93   Thumb Code    18  stm32f10x_gpio.o(.text)
    GPIO_ReadInputData                       0x08001aa5   Thumb Code     8  stm32f10x_gpio.o(.text)
    GPIO_ReadOutputDataBit                   0x08001aad   Thumb Code    18  stm32f10x_gpio.o(.text)
    GPIO_ReadOutputData                      0x08001abf   Thumb Code     8  stm32f10x_gpio.o(.text)
    GPIO_SetBits                             0x08001ac7   Thumb Code     4  stm32f10x_gpio.o(.text)
    GPIO_ResetBits                           0x08001acb   Thumb Code     4  stm32f10x_gpio.o(.text)
    GPIO_WriteBit                            0x08001acf   Thumb Code    10  stm32f10x_gpio.o(.text)
    GPIO_Write                               0x08001ad9   Thumb Code     4  stm32f10x_gpio.o(.text)
    GPIO_PinLockConfig                       0x08001add   Thumb Code    18  stm32f10x_gpio.o(.text)
    GPIO_EventOutputConfig                   0x08001aef   Thumb Code    26  stm32f10x_gpio.o(.text)
    GPIO_EventOutputCmd                      0x08001b09   Thumb Code     6  stm32f10x_gpio.o(.text)
    GPIO_PinRemapConfig                      0x08001b0f   Thumb Code   106  stm32f10x_gpio.o(.text)
    GPIO_EXTILineConfig                      0x08001b79   Thumb Code    66  stm32f10x_gpio.o(.text)
    RCC_DeInit                               0x08001bcd   Thumb Code    62  stm32f10x_rcc.o(.text)
    RCC_HSEConfig                            0x08001c0b   Thumb Code    70  stm32f10x_rcc.o(.text)
    RCC_GetFlagStatus                        0x08001c51   Thumb Code    56  stm32f10x_rcc.o(.text)
    RCC_WaitForHSEStartUp                    0x08001c89   Thumb Code    54  stm32f10x_rcc.o(.text)
    RCC_AdjustHSICalibrationValue            0x08001cbf   Thumb Code    20  stm32f10x_rcc.o(.text)
    RCC_HSICmd                               0x08001cd3   Thumb Code     6  stm32f10x_rcc.o(.text)
    RCC_PLLConfig                            0x08001cd9   Thumb Code    24  stm32f10x_rcc.o(.text)
    RCC_PLLCmd                               0x08001cf1   Thumb Code     6  stm32f10x_rcc.o(.text)
    RCC_SYSCLKConfig                         0x08001cf7   Thumb Code    18  stm32f10x_rcc.o(.text)
    RCC_GetSYSCLKSource                      0x08001d09   Thumb Code    10  stm32f10x_rcc.o(.text)
    RCC_HCLKConfig                           0x08001d13   Thumb Code    18  stm32f10x_rcc.o(.text)
    RCC_PCLK1Config                          0x08001d25   Thumb Code    18  stm32f10x_rcc.o(.text)
    RCC_PCLK2Config                          0x08001d37   Thumb Code    20  stm32f10x_rcc.o(.text)
    RCC_ITConfig                             0x08001d4b   Thumb Code    26  stm32f10x_rcc.o(.text)
    RCC_USBCLKConfig                         0x08001d65   Thumb Code     8  stm32f10x_rcc.o(.text)
    RCC_ADCCLKConfig                         0x08001d6d   Thumb Code    18  stm32f10x_rcc.o(.text)
    RCC_LSEConfig                            0x08001d7f   Thumb Code    50  stm32f10x_rcc.o(.text)
    RCC_LSICmd                               0x08001db1   Thumb Code     6  stm32f10x_rcc.o(.text)
    RCC_RTCCLKConfig                         0x08001db7   Thumb Code    12  stm32f10x_rcc.o(.text)
    RCC_RTCCLKCmd                            0x08001dc3   Thumb Code     8  stm32f10x_rcc.o(.text)
    RCC_GetClocksFreq                        0x08001dcb   Thumb Code   192  stm32f10x_rcc.o(.text)
    RCC_AHBPeriphClockCmd                    0x08001e8b   Thumb Code    26  stm32f10x_rcc.o(.text)
    RCC_APB2PeriphClockCmd                   0x08001ea5   Thumb Code    26  stm32f10x_rcc.o(.text)
    RCC_APB1PeriphClockCmd                   0x08001ebf   Thumb Code    26  stm32f10x_rcc.o(.text)
    RCC_APB2PeriphResetCmd                   0x08001ed9   Thumb Code    26  stm32f10x_rcc.o(.text)
    RCC_APB1PeriphResetCmd                   0x08001ef3   Thumb Code    26  stm32f10x_rcc.o(.text)
    RCC_BackupResetCmd                       0x08001f0d   Thumb Code     8  stm32f10x_rcc.o(.text)
    RCC_ClockSecuritySystemCmd               0x08001f15   Thumb Code     6  stm32f10x_rcc.o(.text)
    RCC_MCOConfig                            0x08001f1b   Thumb Code     6  stm32f10x_rcc.o(.text)
    RCC_ClearFlag                            0x08001f21   Thumb Code    14  stm32f10x_rcc.o(.text)
    RCC_GetITStatus                          0x08001f2f   Thumb Code    20  stm32f10x_rcc.o(.text)
    RCC_ClearITPendingBit                    0x08001f43   Thumb Code     6  stm32f10x_rcc.o(.text)
    SystemInit                               0x08002051   Thumb Code    68  system_stm32f10x.o(.text)
    __aeabi_fadd                             0x080020a5   Thumb Code   164  fadd.o(.text)
    __aeabi_fsub                             0x08002149   Thumb Code     6  fadd.o(.text)
    __aeabi_frsub                            0x0800214f   Thumb Code     6  fadd.o(.text)
    __aeabi_fmul                             0x08002155   Thumb Code   100  fmul.o(.text)
    __aeabi_fdiv                             0x080021b9   Thumb Code   124  fdiv.o(.text)
    __aeabi_dadd                             0x08002235   Thumb Code   322  dadd.o(.text)
    __aeabi_dsub                             0x08002377   Thumb Code     6  dadd.o(.text)
    __aeabi_drsub                            0x0800237d   Thumb Code     6  dadd.o(.text)
    __aeabi_dmul                             0x08002383   Thumb Code   228  dmul.o(.text)
    __aeabi_ddiv                             0x08002467   Thumb Code   222  ddiv.o(.text)
    __aeabi_i2f                              0x08002545   Thumb Code    18  fflti.o(.text)
    __aeabi_i2d                              0x08002557   Thumb Code    34  dflti.o(.text)
    __aeabi_f2iz                             0x08002579   Thumb Code    50  ffixi.o(.text)
    __aeabi_f2d                              0x080025ab   Thumb Code    38  f2d.o(.text)
    __aeabi_cdcmpeq                          0x080025d1   Thumb Code     0  cdcmple.o(.text)
    __aeabi_cdcmple                          0x080025d1   Thumb Code    48  cdcmple.o(.text)
    __aeabi_d2f                              0x08002601   Thumb Code    56  d2f.o(.text)
    __aeabi_cfcmpeq                          0x08002639   Thumb Code     0  cfcmple.o(.text)
    __aeabi_cfcmple                          0x08002639   Thumb Code    20  cfcmple.o(.text)
    __aeabi_cfrcmple                         0x0800264d   Thumb Code    20  cfrcmple.o(.text)
    __aeabi_llsl                             0x08002661   Thumb Code    30  llshl.o(.text)
    _ll_shift_l                              0x08002661   Thumb Code     0  llshl.o(.text)
    __aeabi_lasr                             0x0800267f   Thumb Code    36  llsshr.o(.text)
    _ll_sshift_r                             0x0800267f   Thumb Code     0  llsshr.o(.text)
    __I$use$fp                               0x080026a3   Thumb Code     0  iusefp.o(.text)
    _float_round                             0x080026a3   Thumb Code    18  fepilogue.o(.text)
    _float_epilogue                          0x080026b5   Thumb Code    92  fepilogue.o(.text)
    _double_round                            0x08002711   Thumb Code    30  depilogue.o(.text)
    _double_epilogue                         0x0800272f   Thumb Code   156  depilogue.o(.text)
    _drem                                    0x080027cb   Thumb Code   134  drem.o(.text)
    __scatterload                            0x08002851   Thumb Code    28  init.o(.text)
    __scatterload_rt2                        0x08002851   Thumb Code     0  init.o(.text)
    __aeabi_llsr                             0x08002875   Thumb Code    32  llushr.o(.text)
    _ll_ushift_r                             0x08002875   Thumb Code     0  llushr.o(.text)
    __ARM_scalbn                             0x08002895   Thumb Code    46  dscalb.o(.text)
    scalbn                                   0x08002895   Thumb Code     0  dscalb.o(.text)
    __aeabi_ui2d                             0x080028c3   Thumb Code    26  dfltui.o(.text)
    __aeabi_d2iz                             0x080028dd   Thumb Code    62  dfixi.o(.text)
    __ARM_fpclassify                         0x0800291b   Thumb Code    40  fpclassify.o(i.__ARM_fpclassify)
    __ieee754_rem_pio2                       0x08002945   Thumb Code   828  rred.o(i.__ieee754_rem_pio2)
    __kernel_cos                             0x08002ccd   Thumb Code   230  cos_i.o(i.__kernel_cos)
    __kernel_poly                            0x08002dc9   Thumb Code   170  poly.o(i.__kernel_poly)
    __kernel_sin                             0x08002e75   Thumb Code   224  sin_i.o(i.__kernel_sin)
    __mathlib_dbl_infnan                     0x08002f61   Thumb Code     6  dunder.o(i.__mathlib_dbl_infnan)
    __mathlib_dbl_invalid                    0x08002f67   Thumb Code    12  dunder.o(i.__mathlib_dbl_invalid)
    __mathlib_dbl_underflow                  0x08002f75   Thumb Code    10  dunder.o(i.__mathlib_dbl_underflow)
    __scatterload_copy                       0x08002f85   Thumb Code    14  handlers.o(i.__scatterload_copy)
    __scatterload_null                       0x08002f93   Thumb Code     2  handlers.o(i.__scatterload_null)
    __scatterload_zeroinit                   0x08002f95   Thumb Code    14  handlers.o(i.__scatterload_zeroinit)
    __set_errno                              0x08002fa5   Thumb Code     6  errno.o(i.__set_errno)
    fmod                                     0x08002fb1   Thumb Code   144  fmod.o(i.fmod)
    sin                                      0x08003045   Thumb Code   150  sin.o(i.sin)
    Region$$Table$$Base                      0x08003208   Number         0  anon$$obj.o(Region$$Table)
    Region$$Table$$Limit                     0x08003228   Number         0  anon$$obj.o(Region$$Table)
    _tmr                                     0x20000040   Data         120  tmr.o(.bss)
    __initial_sp                             0x200002b8   Data           0  startup_stm32f10x_hd.o(STACK)



==============================================================================

Memory Map of the image

  Image Entry point : 0x08000147

  Load Region LR_1 (Base: 0x08000000, Size: 0x00003268, Max: 0xffffffff, ABSOLUTE)

    Execution Region ER_RO (Base: 0x08000000, Size: 0x00003228, Max: 0xffffffff, ABSOLUTE)

    Base Addr    Size         Type   Attr      Idx    E Section Name        Object

    0x08000000   0x00000130   Data   RO            3    RESET               startup_stm32f10x_hd.o
    0x08000130   0x00000000   Code   RO          292  * .ARM.Collect$$$$00000000  mc_w.l(entry.o)
    0x08000130   0x00000004   Code   RO          351    .ARM.Collect$$$$00000001  mc_w.l(entry2.o)
    0x08000134   0x00000004   Code   RO          354    .ARM.Collect$$$$00000004  mc_w.l(entry5.o)
    0x08000138   0x00000000   Code   RO          356    .ARM.Collect$$$$00000008  mc_w.l(entry7b.o)
    0x08000138   0x00000000   Code   RO          358    .ARM.Collect$$$$0000000A  mc_w.l(entry8b.o)
    0x08000138   0x00000008   Code   RO          359    .ARM.Collect$$$$0000000B  mc_w.l(entry9a.o)
    0x08000140   0x00000000   Code   RO          361    .ARM.Collect$$$$0000000D  mc_w.l(entry10a.o)
    0x08000140   0x00000000   Code   RO          363    .ARM.Collect$$$$0000000F  mc_w.l(entry11a.o)
    0x08000140   0x00000004   Code   RO          352    .ARM.Collect$$$$00002712  mc_w.l(entry2.o)
    0x08000144   0x00000030   Code   RO            4  * .text               startup_stm32f10x_hd.o
    0x08000174   0x0000017c   Code   RO           10    .text               main.o
    0x080002f0   0x0000003c   Code   RO           85    .text               stm32f10x_it.o
    0x0800032c   0x00000038   Code   RO          100    .text               led.o
    0x08000364   0x00000078   Code   RO          112    .text               timer.o
    0x080003dc   0x000000c8   Code   RO          124    .text               tmr.o
    0x080004a4   0x00000074   Code   RO          142    .text               key.o
    0x08000518   0x000000a0   Code   RO          154    .text               pwm.o
    0x080005b8   0x00000640   Code   RO          166    .text               light.o
    0x08000bf8   0x00000bc6   Code   RO          179    .text               stm32f10x_tim.o
    0x080017be   0x00000002   PAD
    0x080017c0   0x000000dc   Code   RO          191    .text               misc.o
    0x0800189c   0x00000330   Code   RO          203    .text               stm32f10x_gpio.o
    0x08001bcc   0x000003a0   Code   RO          215    .text               stm32f10x_rcc.o
    0x08001f6c   0x00000138   Code   RO          258    .text               system_stm32f10x.o
    0x080020a4   0x000000b0   Code   RO          295    .text               mf_w.l(fadd.o)
    0x08002154   0x00000064   Code   RO          297    .text               mf_w.l(fmul.o)
    0x080021b8   0x0000007c   Code   RO          299    .text               mf_w.l(fdiv.o)
    0x08002234   0x0000014e   Code   RO          301    .text               mf_w.l(dadd.o)
    0x08002382   0x000000e4   Code   RO          303    .text               mf_w.l(dmul.o)
    0x08002466   0x000000de   Code   RO          305    .text               mf_w.l(ddiv.o)
    0x08002544   0x00000012   Code   RO          307    .text               mf_w.l(fflti.o)
    0x08002556   0x00000022   Code   RO          309    .text               mf_w.l(dflti.o)
    0x08002578   0x00000032   Code   RO          311    .text               mf_w.l(ffixi.o)
    0x080025aa   0x00000026   Code   RO          313    .text               mf_w.l(f2d.o)
    0x080025d0   0x00000030   Code   RO          315    .text               mf_w.l(cdcmple.o)
    0x08002600   0x00000038   Code   RO          317    .text               mf_w.l(d2f.o)
    0x08002638   0x00000014   Code   RO          319    .text               mf_w.l(cfcmple.o)
    0x0800264c   0x00000014   Code   RO          321    .text               mf_w.l(cfrcmple.o)
    0x08002660   0x0000001e   Code   RO          365    .text               mc_w.l(llshl.o)
    0x0800267e   0x00000024   Code   RO          367    .text               mc_w.l(llsshr.o)
    0x080026a2   0x00000000   Code   RO          376    .text               mc_w.l(iusefp.o)
    0x080026a2   0x0000006e   Code   RO          377    .text               mf_w.l(fepilogue.o)
    0x08002710   0x000000ba   Code   RO          379    .text               mf_w.l(depilogue.o)
    0x080027ca   0x00000086   Code   RO          381    .text               mf_w.l(drem.o)
    0x08002850   0x00000024   Code   RO          387    .text               mc_w.l(init.o)
    0x08002874   0x00000020   Code   RO          389    .text               mc_w.l(llushr.o)
    0x08002894   0x0000002e   Code   RO          391    .text               mf_w.l(dscalb.o)
    0x080028c2   0x0000001a   Code   RO          393    .text               mf_w.l(dfltui.o)
    0x080028dc   0x0000003e   Code   RO          395    .text               mf_w.l(dfixi.o)
    0x0800291a   0x00000028   Code   RO          383    i.__ARM_fpclassify  m_ws.l(fpclassify.o)
    0x08002942   0x00000002   PAD
    0x08002944   0x00000388   Code   RO          340    i.__ieee754_rem_pio2  m_ws.l(rred.o)
    0x08002ccc   0x000000fc   Code   RO          323    i.__kernel_cos      m_ws.l(cos_i.o)
    0x08002dc8   0x000000aa   Code   RO          385    i.__kernel_poly     m_ws.l(poly.o)
    0x08002e72   0x00000002   PAD
    0x08002e74   0x000000ec   Code   RO          345    i.__kernel_sin      m_ws.l(sin_i.o)
    0x08002f60   0x00000006   Code   RO          327    i.__mathlib_dbl_infnan  m_ws.l(dunder.o)
    0x08002f66   0x0000000c   Code   RO          329    i.__mathlib_dbl_invalid  m_ws.l(dunder.o)
    0x08002f72   0x00000002   PAD
    0x08002f74   0x00000010   Code   RO          332    i.__mathlib_dbl_underflow  m_ws.l(dunder.o)
    0x08002f84   0x0000000e   Code   RO          399    i.__scatterload_copy  mc_w.l(handlers.o)
    0x08002f92   0x00000002   Code   RO          400    i.__scatterload_null  mc_w.l(handlers.o)
    0x08002f94   0x0000000e   Code   RO          401    i.__scatterload_zeroinit  mc_w.l(handlers.o)
    0x08002fa2   0x00000002   PAD
    0x08002fa4   0x0000000c   Code   RO          371    i.__set_errno       mc_w.l(errno.o)
    0x08002fb0   0x00000094   Code   RO          277    i.fmod              m_ws.l(fmod.o)
    0x08003044   0x000000a0   Code   RO          285    i.sin               m_ws.l(sin.o)
    0x080030e4   0x00000004   PAD
    0x080030e8   0x00000030   Data   RO          324    .constdata          m_ws.l(cos_i.o)
    0x08003118   0x000000c8   Data   RO          342    .constdata          m_ws.l(rred.o)
    0x080031e0   0x00000028   Data   RO          346    .constdata          m_ws.l(sin_i.o)
    0x08003208   0x00000020   Data   RO          397    Region$$Table       anon$$obj.o


    Execution Region ER_RW (Base: 0x20000000, Size: 0x00000040, Max: 0xffffffff, ABSOLUTE)

    Base Addr    Size         Type   Attr      Idx    E Section Name        Object

    0x20000000   0x00000028   Data   RW          167    .data               light.o
    0x20000028   0x00000014   Data   RW          216    .data               stm32f10x_rcc.o
    0x2000003c   0x00000004   Data   RW          372    .data               mc_w.l(errno.o)


    Execution Region ER_ZI (Base: 0x20000040, Size: 0x00000278, Max: 0xffffffff, ABSOLUTE)

    Base Addr    Size         Type   Attr      Idx    E Section Name        Object

    0x20000040   0x00000078   Zero   RW          125    .bss                tmr.o
    0x200000b8   0x00000200   Zero   RW            1    STACK               startup_stm32f10x_hd.o


==============================================================================

Image component sizes


      Code (inc. data)   RO Data    RW Data    ZI Data      Debug   Object Name

       116          6          0          0          0       1008   key.o
        56          6          0          0          0        466   led.o
      1600         92          0         40          0       2714   light.o
       380         12          0          0          0     243879   main.o
       220         22          0          0          0       1697   misc.o
       160         14          0          0          0        692   pwm.o
        48         12        304          0        512        860   startup_stm32f10x_hd.o
       816         18          0          0          0       5067   stm32f10x_gpio.o
        60          6          0          0          0       1444   stm32f10x_it.o
       928         36          0         20          0       8672   stm32f10x_rcc.o
      3014         16          0          0          0      23772   stm32f10x_tim.o
       312         16          0          0          0       1125   system_stm32f10x.o
       120          6          0          0          0        604   timer.o
       200          6          0          0        120       6119   tmr.o

    ----------------------------------------------------------------------
      8032        268        336         60        632     298119   Object Totals
         0          0         32          0          0          0   (incl. Generated)
         2          0          0          0          0          0   (incl. Padding)

    ----------------------------------------------------------------------

      Code (inc. data)   RO Data    RW Data    ZI Data      Debug   Library Member Name

       252         22         48          0          0        124   cos_i.o
        34          6          0          0          0        204   dunder.o
       148          4          0          0          0         88   fmod.o
        40          0          0          0          0         68   fpclassify.o
       170          0          0          0          0         96   poly.o
       904         76        200          0          0        140   rred.o
       160         10          0          0          0        108   sin.o
       236         12         40          0          0        128   sin_i.o
         0          0          0          0          0          0   entry.o
         0          0          0          0          0          0   entry10a.o
         0          0          0          0          0          0   entry11a.o
         8          4          0          0          0          0   entry2.o
         4          0          0          0          0          0   entry5.o
         0          0          0          0          0          0   entry7b.o
         0          0          0          0          0          0   entry8b.o
         8          4          0          0          0          0   entry9a.o
        12          6          0          4          0         68   errno.o
        30          0          0          0          0          0   handlers.o
        36          8          0          0          0         68   init.o
         0          0          0          0          0          0   iusefp.o
        30          0          0          0          0         68   llshl.o
        36          0          0          0          0         68   llsshr.o
        32          0          0          0          0         68   llushr.o
        48          0          0          0          0         68   cdcmple.o
        20          0          0          0          0         68   cfcmple.o
        20          0          0          0          0         68   cfrcmple.o
        56          0          0          0          0         88   d2f.o
       334          0          0          0          0        148   dadd.o
       222          0          0          0          0        100   ddiv.o
       186          0          0          0          0        176   depilogue.o
        62          0          0          0          0         80   dfixi.o
        34          0          0          0          0         76   dflti.o
        26          0          0          0          0         76   dfltui.o
       228          0          0          0          0         96   dmul.o
       134          0          0          0          0         96   drem.o
        46          0          0          0          0         80   dscalb.o
        38          0          0          0          0         68   f2d.o
       176          0          0          0          0        140   fadd.o
       124          0          0          0          0         88   fdiv.o
       110          0          0          0          0        168   fepilogue.o
        50          0          0          0          0         68   ffixi.o
        18          0          0          0          0         68   fflti.o
       100          0          0          0          0         76   fmul.o

    ----------------------------------------------------------------------
      4184        156        288          4          0       3192   Library Totals
        12          4          0          0          0          0   (incl. Padding)

    ----------------------------------------------------------------------

      Code (inc. data)   RO Data    RW Data    ZI Data      Debug   Library Name

      1944        130        288          0          0        956   m_ws.l
       196         22          0          4          0        340   mc_w.l
      2032          0          0          0          0       1896   mf_w.l

    ----------------------------------------------------------------------
      4184        156        288          4          0       3192   Library Totals

    ----------------------------------------------------------------------

==============================================================================


      Code (inc. data)   RO Data    RW Data    ZI Data      Debug   

     12216        424        624         64        632     298811   Grand Totals
     12216        424        624         64        632     298811   ELF Image Totals
     12216        424        624         64          0          0   ROM Totals

==============================================================================

    Total RO  Size (Code + RO Data)                12840 (  12.54kB)
    Total RW  Size (RW Data + ZI Data)               696 (   0.68kB)
    Total ROM Size (Code + RO Data + RW Data)      12904 (  12.60kB)

==============================================================================

